Archive member included because of file (symbol)

c:/program files (x86)/atmel/atmel toolchain/avr8 gcc/native/3.4.1061/avr8-gnu-toolchain/bin/../lib/gcc/avr/4.8.1/avr5\libgcc.a(_exit.o)
                              c:/program files (x86)/atmel/atmel toolchain/avr8 gcc/native/3.4.1061/avr8-gnu-toolchain/bin/../lib/gcc/avr/4.8.1/../../../../avr/lib/avr5/crtm328p.o (exit)
c:/program files (x86)/atmel/atmel toolchain/avr8 gcc/native/3.4.1061/avr8-gnu-toolchain/bin/../lib/gcc/avr/4.8.1/avr5\libgcc.a(_copy_data.o)
                              receiver/receiver.o (__do_copy_data)
c:/program files (x86)/atmel/atmel toolchain/avr8 gcc/native/3.4.1061/avr8-gnu-toolchain/bin/../lib/gcc/avr/4.8.1/avr5\libgcc.a(_clear_bss.o)
                              main.o (__do_clear_bss)

Allocating common symbols
Common symbol       size              file

sampleslow          0x40              receiver/receiver.o
sampleshigh         0x40              receiver/receiver.o
ring_buffer_data    0x85              transmitter/transmitter.o
ring_buffer_in      0x85              uart/Uart.o
ring_buffer_out     0x85              uart/Uart.o

Discarded input sections

 .data          0x00000000        0x0 c:/program files (x86)/atmel/atmel toolchain/avr8 gcc/native/3.4.1061/avr8-gnu-toolchain/bin/../lib/gcc/avr/4.8.1/../../../../avr/lib/avr5/crtm328p.o
 .bss           0x00000000        0x0 c:/program files (x86)/atmel/atmel toolchain/avr8 gcc/native/3.4.1061/avr8-gnu-toolchain/bin/../lib/gcc/avr/4.8.1/../../../../avr/lib/avr5/crtm328p.o
 .text          0x00000000        0x0 main.o
 .data          0x00000000        0x0 main.o
 .bss           0x00000000        0x0 main.o
 .text          0x00000000        0x0 receiver/receiver.o
 .data          0x00000000        0x0 receiver/receiver.o
 .bss           0x00000000        0x0 receiver/receiver.o
 .text.process_sample
                0x00000000      0x484 receiver/receiver.o
 .text          0x00000000        0x0 spi/spi.o
 .data          0x00000000        0x0 spi/spi.o
 .bss           0x00000000        0x0 spi/spi.o
 .text          0x00000000        0x0 transmitter/transmitter.o
 .data          0x00000000        0x0 transmitter/transmitter.o
 .bss           0x00000000        0x0 transmitter/transmitter.o
 .text          0x00000000        0x0 uart/Uart.o
 .data          0x00000000        0x0 uart/Uart.o
 .bss           0x00000000        0x0 uart/Uart.o
 .text.uart_writebuffer_ready
                0x00000000       0x16 uart/Uart.o
 .text.uart_readbuffer_ready
                0x00000000       0x16 uart/Uart.o
 .text.uart_getreceivedcount
                0x00000000        0xc uart/Uart.o
 .text.uart_clearreceivedbuffer
                0x00000000       0x20 uart/Uart.o
 .text          0x00000000        0x0 c:/program files (x86)/atmel/atmel toolchain/avr8 gcc/native/3.4.1061/avr8-gnu-toolchain/bin/../lib/gcc/avr/4.8.1/avr5\libgcc.a(_exit.o)
 .data          0x00000000        0x0 c:/program files (x86)/atmel/atmel toolchain/avr8 gcc/native/3.4.1061/avr8-gnu-toolchain/bin/../lib/gcc/avr/4.8.1/avr5\libgcc.a(_exit.o)
 .bss           0x00000000        0x0 c:/program files (x86)/atmel/atmel toolchain/avr8 gcc/native/3.4.1061/avr8-gnu-toolchain/bin/../lib/gcc/avr/4.8.1/avr5\libgcc.a(_exit.o)
 .text.libgcc.mul
                0x00000000        0x0 c:/program files (x86)/atmel/atmel toolchain/avr8 gcc/native/3.4.1061/avr8-gnu-toolchain/bin/../lib/gcc/avr/4.8.1/avr5\libgcc.a(_exit.o)
 .text.libgcc.div
                0x00000000        0x0 c:/program files (x86)/atmel/atmel toolchain/avr8 gcc/native/3.4.1061/avr8-gnu-toolchain/bin/../lib/gcc/avr/4.8.1/avr5\libgcc.a(_exit.o)
 .text.libgcc   0x00000000        0x0 c:/program files (x86)/atmel/atmel toolchain/avr8 gcc/native/3.4.1061/avr8-gnu-toolchain/bin/../lib/gcc/avr/4.8.1/avr5\libgcc.a(_exit.o)
 .text.libgcc.prologue
                0x00000000        0x0 c:/program files (x86)/atmel/atmel toolchain/avr8 gcc/native/3.4.1061/avr8-gnu-toolchain/bin/../lib/gcc/avr/4.8.1/avr5\libgcc.a(_exit.o)
 .text.libgcc.builtins
                0x00000000        0x0 c:/program files (x86)/atmel/atmel toolchain/avr8 gcc/native/3.4.1061/avr8-gnu-toolchain/bin/../lib/gcc/avr/4.8.1/avr5\libgcc.a(_exit.o)
 .text.libgcc.fmul
                0x00000000        0x0 c:/program files (x86)/atmel/atmel toolchain/avr8 gcc/native/3.4.1061/avr8-gnu-toolchain/bin/../lib/gcc/avr/4.8.1/avr5\libgcc.a(_exit.o)
 .text.libgcc.fixed
                0x00000000        0x0 c:/program files (x86)/atmel/atmel toolchain/avr8 gcc/native/3.4.1061/avr8-gnu-toolchain/bin/../lib/gcc/avr/4.8.1/avr5\libgcc.a(_exit.o)
 .text          0x00000000        0x0 c:/program files (x86)/atmel/atmel toolchain/avr8 gcc/native/3.4.1061/avr8-gnu-toolchain/bin/../lib/gcc/avr/4.8.1/avr5\libgcc.a(_copy_data.o)
 .data          0x00000000        0x0 c:/program files (x86)/atmel/atmel toolchain/avr8 gcc/native/3.4.1061/avr8-gnu-toolchain/bin/../lib/gcc/avr/4.8.1/avr5\libgcc.a(_copy_data.o)
 .bss           0x00000000        0x0 c:/program files (x86)/atmel/atmel toolchain/avr8 gcc/native/3.4.1061/avr8-gnu-toolchain/bin/../lib/gcc/avr/4.8.1/avr5\libgcc.a(_copy_data.o)
 .text.libgcc.mul
                0x00000000        0x0 c:/program files (x86)/atmel/atmel toolchain/avr8 gcc/native/3.4.1061/avr8-gnu-toolchain/bin/../lib/gcc/avr/4.8.1/avr5\libgcc.a(_copy_data.o)
 .text.libgcc.div
                0x00000000        0x0 c:/program files (x86)/atmel/atmel toolchain/avr8 gcc/native/3.4.1061/avr8-gnu-toolchain/bin/../lib/gcc/avr/4.8.1/avr5\libgcc.a(_copy_data.o)
 .text.libgcc   0x00000000        0x0 c:/program files (x86)/atmel/atmel toolchain/avr8 gcc/native/3.4.1061/avr8-gnu-toolchain/bin/../lib/gcc/avr/4.8.1/avr5\libgcc.a(_copy_data.o)
 .text.libgcc.prologue
                0x00000000        0x0 c:/program files (x86)/atmel/atmel toolchain/avr8 gcc/native/3.4.1061/avr8-gnu-toolchain/bin/../lib/gcc/avr/4.8.1/avr5\libgcc.a(_copy_data.o)
 .text.libgcc.builtins
                0x00000000        0x0 c:/program files (x86)/atmel/atmel toolchain/avr8 gcc/native/3.4.1061/avr8-gnu-toolchain/bin/../lib/gcc/avr/4.8.1/avr5\libgcc.a(_copy_data.o)
 .text.libgcc.fmul
                0x00000000        0x0 c:/program files (x86)/atmel/atmel toolchain/avr8 gcc/native/3.4.1061/avr8-gnu-toolchain/bin/../lib/gcc/avr/4.8.1/avr5\libgcc.a(_copy_data.o)
 .text.libgcc.fixed
                0x00000000        0x0 c:/program files (x86)/atmel/atmel toolchain/avr8 gcc/native/3.4.1061/avr8-gnu-toolchain/bin/../lib/gcc/avr/4.8.1/avr5\libgcc.a(_copy_data.o)
 .text          0x00000000        0x0 c:/program files (x86)/atmel/atmel toolchain/avr8 gcc/native/3.4.1061/avr8-gnu-toolchain/bin/../lib/gcc/avr/4.8.1/avr5\libgcc.a(_clear_bss.o)
 .data          0x00000000        0x0 c:/program files (x86)/atmel/atmel toolchain/avr8 gcc/native/3.4.1061/avr8-gnu-toolchain/bin/../lib/gcc/avr/4.8.1/avr5\libgcc.a(_clear_bss.o)
 .bss           0x00000000        0x0 c:/program files (x86)/atmel/atmel toolchain/avr8 gcc/native/3.4.1061/avr8-gnu-toolchain/bin/../lib/gcc/avr/4.8.1/avr5\libgcc.a(_clear_bss.o)
 .text.libgcc.mul
                0x00000000        0x0 c:/program files (x86)/atmel/atmel toolchain/avr8 gcc/native/3.4.1061/avr8-gnu-toolchain/bin/../lib/gcc/avr/4.8.1/avr5\libgcc.a(_clear_bss.o)
 .text.libgcc.div
                0x00000000        0x0 c:/program files (x86)/atmel/atmel toolchain/avr8 gcc/native/3.4.1061/avr8-gnu-toolchain/bin/../lib/gcc/avr/4.8.1/avr5\libgcc.a(_clear_bss.o)
 .text.libgcc   0x00000000        0x0 c:/program files (x86)/atmel/atmel toolchain/avr8 gcc/native/3.4.1061/avr8-gnu-toolchain/bin/../lib/gcc/avr/4.8.1/avr5\libgcc.a(_clear_bss.o)
 .text.libgcc.prologue
                0x00000000        0x0 c:/program files (x86)/atmel/atmel toolchain/avr8 gcc/native/3.4.1061/avr8-gnu-toolchain/bin/../lib/gcc/avr/4.8.1/avr5\libgcc.a(_clear_bss.o)
 .text.libgcc.builtins
                0x00000000        0x0 c:/program files (x86)/atmel/atmel toolchain/avr8 gcc/native/3.4.1061/avr8-gnu-toolchain/bin/../lib/gcc/avr/4.8.1/avr5\libgcc.a(_clear_bss.o)
 .text.libgcc.fmul
                0x00000000        0x0 c:/program files (x86)/atmel/atmel toolchain/avr8 gcc/native/3.4.1061/avr8-gnu-toolchain/bin/../lib/gcc/avr/4.8.1/avr5\libgcc.a(_clear_bss.o)
 .text.libgcc.fixed
                0x00000000        0x0 c:/program files (x86)/atmel/atmel toolchain/avr8 gcc/native/3.4.1061/avr8-gnu-toolchain/bin/../lib/gcc/avr/4.8.1/avr5\libgcc.a(_clear_bss.o)

Memory Configuration

Name             Origin             Length             Attributes
text             0x00000000         0x00020000         xr
data             0x00800060         0x0000ffa0         rw !x
eeprom           0x00810000         0x00010000         rw !x
fuse             0x00820000         0x00000400         rw !x
lock             0x00830000         0x00000400         rw !x
signature        0x00840000         0x00000400         rw !x
user_signatures  0x00850000         0x00000400         rw !x
*default*        0x00000000         0xffffffff

Linker script and memory map

Address of section .data set to 0x800100
LOAD c:/program files (x86)/atmel/atmel toolchain/avr8 gcc/native/3.4.1061/avr8-gnu-toolchain/bin/../lib/gcc/avr/4.8.1/../../../../avr/lib/avr5/crtm328p.o
LOAD main.o
LOAD receiver/receiver.o
LOAD spi/spi.o
LOAD transmitter/transmitter.o
LOAD uart/Uart.o
START GROUP
LOAD c:/program files (x86)/atmel/atmel toolchain/avr8 gcc/native/3.4.1061/avr8-gnu-toolchain/bin/../lib/gcc/avr/4.8.1/../../../../avr/lib/avr5\libm.a
END GROUP
START GROUP
LOAD c:/program files (x86)/atmel/atmel toolchain/avr8 gcc/native/3.4.1061/avr8-gnu-toolchain/bin/../lib/gcc/avr/4.8.1/avr5\libgcc.a
LOAD c:/program files (x86)/atmel/atmel toolchain/avr8 gcc/native/3.4.1061/avr8-gnu-toolchain/bin/../lib/gcc/avr/4.8.1/../../../../avr/lib/avr5\libm.a
LOAD c:/program files (x86)/atmel/atmel toolchain/avr8 gcc/native/3.4.1061/avr8-gnu-toolchain/bin/../lib/gcc/avr/4.8.1/../../../../avr/lib/avr5\libc.a
END GROUP

.hash
 *(.hash)

.dynsym
 *(.dynsym)

.dynstr
 *(.dynstr)

.gnu.version
 *(.gnu.version)

.gnu.version_d
 *(.gnu.version_d)

.gnu.version_r
 *(.gnu.version_r)

.rel.init
 *(.rel.init)

.rela.init
 *(.rela.init)

.rel.text
 *(.rel.text)
 *(.rel.text.*)
 *(.rel.gnu.linkonce.t*)

.rela.text
 *(.rela.text)
 *(.rela.text.*)
 *(.rela.gnu.linkonce.t*)

.rel.fini
 *(.rel.fini)

.rela.fini
 *(.rela.fini)

.rel.rodata
 *(.rel.rodata)
 *(.rel.rodata.*)
 *(.rel.gnu.linkonce.r*)

.rela.rodata
 *(.rela.rodata)
 *(.rela.rodata.*)
 *(.rela.gnu.linkonce.r*)

.rel.data
 *(.rel.data)
 *(.rel.data.*)
 *(.rel.gnu.linkonce.d*)

.rela.data
 *(.rela.data)
 *(.rela.data.*)
 *(.rela.gnu.linkonce.d*)

.rel.ctors
 *(.rel.ctors)

.rela.ctors
 *(.rela.ctors)

.rel.dtors
 *(.rel.dtors)

.rela.dtors
 *(.rela.dtors)

.rel.got
 *(.rel.got)

.rela.got
 *(.rela.got)

.rel.bss
 *(.rel.bss)

.rela.bss
 *(.rela.bss)

.rel.plt
 *(.rel.plt)

.rela.plt
 *(.rela.plt)

.text           0x00000000     0x1950
 *(.vectors)
 .vectors       0x00000000       0x68 c:/program files (x86)/atmel/atmel toolchain/avr8 gcc/native/3.4.1061/avr8-gnu-toolchain/bin/../lib/gcc/avr/4.8.1/../../../../avr/lib/avr5/crtm328p.o
                0x00000000                __vector_default
                0x00000000                __vectors
 *(.vectors)
 *(.progmem.gcc*)
                0x00000068                . = ALIGN (0x2)
                0x00000068                __trampolines_start = .
 *(.trampolines)
 .trampolines   0x00000068        0x0 linker stubs
 *(.trampolines*)
                0x00000068                __trampolines_end = .
 *(.progmem*)
                0x00000068                . = ALIGN (0x2)
 *(.jumptables)
 *(.jumptables*)
 *(.lowtext)
 *(.lowtext*)
                0x00000068                __ctors_start = .
 *(.ctors)
                0x00000068                __ctors_end = .
                0x00000068                __dtors_start = .
 *(.dtors)
                0x00000068                __dtors_end = .
 SORT(*)(.ctors)
 SORT(*)(.dtors)
 *(.init0)
 .init0         0x00000068        0x0 c:/program files (x86)/atmel/atmel toolchain/avr8 gcc/native/3.4.1061/avr8-gnu-toolchain/bin/../lib/gcc/avr/4.8.1/../../../../avr/lib/avr5/crtm328p.o
                0x00000068                __init
 *(.init0)
 *(.init1)
 *(.init1)
 *(.init2)
 .init2         0x00000068        0xc c:/program files (x86)/atmel/atmel toolchain/avr8 gcc/native/3.4.1061/avr8-gnu-toolchain/bin/../lib/gcc/avr/4.8.1/../../../../avr/lib/avr5/crtm328p.o
 *(.init2)
 *(.init3)
 *(.init3)
 *(.init4)
 .init4         0x00000074       0x16 c:/program files (x86)/atmel/atmel toolchain/avr8 gcc/native/3.4.1061/avr8-gnu-toolchain/bin/../lib/gcc/avr/4.8.1/avr5\libgcc.a(_copy_data.o)
                0x00000074                __do_copy_data
 .init4         0x0000008a       0x10 c:/program files (x86)/atmel/atmel toolchain/avr8 gcc/native/3.4.1061/avr8-gnu-toolchain/bin/../lib/gcc/avr/4.8.1/avr5\libgcc.a(_clear_bss.o)
                0x0000008a                __do_clear_bss
 *(.init4)
 *(.init5)
 *(.init5)
 *(.init6)
 *(.init6)
 *(.init7)
 *(.init7)
 *(.init8)
 *(.init8)
 *(.init9)
 .init9         0x0000009a        0x8 c:/program files (x86)/atmel/atmel toolchain/avr8 gcc/native/3.4.1061/avr8-gnu-toolchain/bin/../lib/gcc/avr/4.8.1/../../../../avr/lib/avr5/crtm328p.o
 *(.init9)
 *(.text)
 .text          0x000000a2        0x4 c:/program files (x86)/atmel/atmel toolchain/avr8 gcc/native/3.4.1061/avr8-gnu-toolchain/bin/../lib/gcc/avr/4.8.1/../../../../avr/lib/avr5/crtm328p.o
                0x000000a2                __vector_22
                0x000000a2                __vector_1
                0x000000a2                __vector_24
                0x000000a2                __vector_12
                0x000000a2                __bad_interrupt
                0x000000a2                __vector_6
                0x000000a2                __vector_3
                0x000000a2                __vector_23
                0x000000a2                __vector_25
                0x000000a2                __vector_13
                0x000000a2                __vector_17
                0x000000a2                __vector_7
                0x000000a2                __vector_5
                0x000000a2                __vector_4
                0x000000a2                __vector_9
                0x000000a2                __vector_2
                0x000000a2                __vector_21
                0x000000a2                __vector_15
                0x000000a2                __vector_8
                0x000000a2                __vector_14
                0x000000a2                __vector_10
                0x000000a2                __vector_20
                0x000000a6                . = ALIGN (0x2)
 *(.text.*)
 .text.startup.main
                0x000000a6      0x130 main.o
                0x000000a6                main
 .text.__vector_11
                0x000001d6       0x22 main.o
                0x000001d6                __vector_11
 .text.receiver_init
                0x000001f8        0xa receiver/receiver.o
                0x000001f8                receiver_init
 .text.receiver_measure
                0x00000202      0x30a receiver/receiver.o
                0x00000202                receiver_measure
 .text.receiver_sample
                0x0000050c      0xf1a receiver/receiver.o
                0x0000050c                receiver_sample
 .text.receiver_reset
                0x00001426       0x12 receiver/receiver.o
                0x00001426                receiver_reset
 .text.receiver_setenabled
                0x00001438        0x6 receiver/receiver.o
                0x00001438                receiver_setenabled
 .text.__vector_16
                0x0000143e       0x2e receiver/receiver.o
                0x0000143e                __vector_16
 .text.spi_gpio_write
                0x0000146c       0x16 spi/spi.o
                0x0000146c                spi_gpio_write
 .text.spi_adc_read
                0x00001482       0x1e spi/spi.o
                0x00001482                spi_adc_read
 .text.spi_gpio_test
                0x000014a0       0xe0 spi/spi.o
                0x000014a0                spi_gpio_test
 .text.transmitter_timertick
                0x00001580      0x156 transmitter/transmitter.o
                0x00001580                transmitter_timertick
 .text.transmitter_init
                0x000016d6       0x20 transmitter/transmitter.o
                0x000016d6                transmitter_init
 .text.transmitter_add
                0x000016f6       0x50 transmitter/transmitter.o
                0x000016f6                transmitter_add
 .text.transmitter_setdirection
                0x00001746        0xe transmitter/transmitter.o
                0x00001746                transmitter_setdirection
 .text.uart_read
                0x00001754       0x38 uart/Uart.o
                0x00001754                uart_read
 .text.uart_write
                0x0000178c       0x6c uart/Uart.o
                0x0000178c                uart_write
 .text.uart_char_waiting
                0x000017f8       0x14 uart/Uart.o
                0x000017f8                uart_char_waiting
 .text.uart_init
                0x0000180c       0x5a uart/Uart.o
                0x0000180c                uart_init
 .text.__vector_18
                0x00001866       0x6a uart/Uart.o
                0x00001866                __vector_18
 .text.__vector_19
                0x000018d0       0x7c uart/Uart.o
                0x000018d0                __vector_19
                0x0000194c                . = ALIGN (0x2)
 *(.fini9)
 .fini9         0x0000194c        0x0 c:/program files (x86)/atmel/atmel toolchain/avr8 gcc/native/3.4.1061/avr8-gnu-toolchain/bin/../lib/gcc/avr/4.8.1/avr5\libgcc.a(_exit.o)
                0x0000194c                _exit
                0x0000194c                exit
 *(.fini9)
 *(.fini8)
 *(.fini8)
 *(.fini7)
 *(.fini7)
 *(.fini6)
 *(.fini6)
 *(.fini5)
 *(.fini5)
 *(.fini4)
 *(.fini4)
 *(.fini3)
 *(.fini3)
 *(.fini2)
 *(.fini2)
 *(.fini1)
 *(.fini1)
 *(.fini0)
 .fini0         0x0000194c        0x4 c:/program files (x86)/atmel/atmel toolchain/avr8 gcc/native/3.4.1061/avr8-gnu-toolchain/bin/../lib/gcc/avr/4.8.1/avr5\libgcc.a(_exit.o)
 *(.fini0)
                0x00001950                _etext = .

.data           0x00800100        0x6 load address 0x00001950
                0x00800100                PROVIDE (__data_start, .)
 *(.data)
 *(.data*)
 .data.receivedbitcounter
                0x00800100        0x4 receiver/receiver.o
                0x00800100                receivedbitcounter
 .data.dataindex
                0x00800104        0x1 transmitter/transmitter.o
                0x00800104                dataindex
 .data.txLed8_1
                0x00800105        0x1 transmitter/transmitter.o
                0x00800105                txLed8_1
 *(.rodata)
 *(.rodata*)
 *(.gnu.linkonce.d*)
                0x00800106                . = ALIGN (0x2)
                0x00800106                _edata = .
                0x00800106                PROVIDE (__data_end, .)

.bss            0x00800106      0x256
                0x00800106                PROVIDE (__bss_start, .)
 *(.bss)
 *(.bss*)
 .bss.led16_9.1727
                0x00800106        0x1 main.o
 .bss.led8_1.1726
                0x00800107        0x1 main.o
 .bss.menustate.1725
                0x00800108        0x1 main.o
 .bss.transmitflag
                0x00800109        0x1 main.o
                0x00800109                transmitflag
 .bss.zminustwo
                0x0080010a        0x8 receiver/receiver.o
                0x0080010a                zminustwo
 .bss.zminusone
                0x00800112        0x8 receiver/receiver.o
                0x00800112                zminusone
 .bss.mediumbusy
                0x0080011a        0x4 receiver/receiver.o
                0x0080011a                mediumbusy
 .bss.receivedbyte
                0x0080011e        0x4 receiver/receiver.o
                0x0080011e                receivedbyte
 .bss.timestamp
                0x00800122        0x8 receiver/receiver.o
                0x00800122                timestamp
 .bss.sampleindexlow
                0x0080012a        0x4 receiver/receiver.o
                0x0080012a                sampleindexlow
 .bss.sampleindexhigh
                0x0080012e        0x4 receiver/receiver.o
                0x0080012e                sampleindexhigh
 .bss.thresholdhigh
                0x00800132        0x8 receiver/receiver.o
                0x00800132                thresholdhigh
 .bss.thresholdlow
                0x0080013a        0x8 receiver/receiver.o
                0x0080013a                thresholdlow
 .bss.rxsignalstate
                0x00800142        0x4 receiver/receiver.o
                0x00800142                rxsignalstate
 .bss.receiverenabled
                0x00800146        0x1 receiver/receiver.o
                0x00800146                receiverenabled
 .bss.SYSTEMTIME
                0x00800147        0x2 receiver/receiver.o
                0x00800147                SYSTEMTIME
 .bss.currentbyte
                0x00800149        0x1 transmitter/transmitter.o
                0x00800149                currentbyte
 .bss.TX1state  0x0080014a        0x1 transmitter/transmitter.o
                0x0080014a                TX1state
 .bss.txLed20_17
                0x0080014b        0x1 transmitter/transmitter.o
                0x0080014b                txLed20_17
 .bss.txLed16_9
                0x0080014c        0x1 transmitter/transmitter.o
                0x0080014c                txLed16_9
 *(COMMON)
 COMMON         0x0080014d       0x80 receiver/receiver.o
                0x0080014d                sampleslow
                0x0080018d                sampleshigh
 COMMON         0x008001cd       0x85 transmitter/transmitter.o
                0x008001cd                ring_buffer_data
 COMMON         0x00800252      0x10a uart/Uart.o
                0x00800252                ring_buffer_in
                0x008002d7                ring_buffer_out
                0x0080035c                PROVIDE (__bss_end, .)
                0x00001950                __data_load_start = LOADADDR (.data)
                0x00001956                __data_load_end = (__data_load_start + SIZEOF (.data))

.noinit         0x0080035c        0x0
                0x0080035c                PROVIDE (__noinit_start, .)
 *(.noinit*)
                0x0080035c                PROVIDE (__noinit_end, .)
                0x0080035c                _end = .
                0x0080035c                PROVIDE (__heap_start, .)

.eeprom         0x00810000        0x0
 *(.eeprom*)
                0x00810000                __eeprom_end = .

.fuse
 *(.fuse)
 *(.lfuse)
 *(.hfuse)
 *(.efuse)

.lock
 *(.lock*)

.signature
 *(.signature*)

.user_signatures
 *(.user_signatures*)

.stab
 *(.stab)

.stabstr
 *(.stabstr)

.stab.excl
 *(.stab.excl)

.stab.exclstr
 *(.stab.exclstr)

.stab.index
 *(.stab.index)

.stab.indexstr
 *(.stab.indexstr)

.comment        0x00000000       0x30
 *(.comment)
 .comment       0x00000000       0x30 main.o
                                 0x31 (size before relaxing)
 .comment       0x00000000       0x31 receiver/receiver.o
 .comment       0x00000000       0x31 spi/spi.o
 .comment       0x00000000       0x31 transmitter/transmitter.o
 .comment       0x00000000       0x31 uart/Uart.o

.note.gnu.build-id
 *(.note.gnu.build-id)

.debug
 *(.debug)

.line
 *(.line)

.debug_srcinfo
 *(.debug_srcinfo)

.debug_sfnames
 *(.debug_sfnames)

.debug_aranges  0x00000000      0x148
 *(.debug_aranges)
 .debug_aranges
                0x00000000       0x28 main.o
 .debug_aranges
                0x00000028       0x50 receiver/receiver.o
 .debug_aranges
                0x00000078       0x30 spi/spi.o
 .debug_aranges
                0x000000a8       0x38 transmitter/transmitter.o
 .debug_aranges
                0x000000e0       0x68 uart/Uart.o

.debug_pubnames
 *(.debug_pubnames)

.debug_info     0x00000000     0x2c30
 *(.debug_info .gnu.linkonce.wi.*)
 .debug_info    0x00000000      0x463 main.o
 .debug_info    0x00000463     0x12e5 receiver/receiver.o
 .debug_info    0x00001748      0x310 spi/spi.o
 .debug_info    0x00001a58      0x7c6 transmitter/transmitter.o
 .debug_info    0x0000221e      0xa12 uart/Uart.o

.debug_abbrev   0x00000000      0x9d1
 *(.debug_abbrev)
 .debug_abbrev  0x00000000      0x186 main.o
 .debug_abbrev  0x00000186      0x2dd receiver/receiver.o
 .debug_abbrev  0x00000463      0x167 spi/spi.o
 .debug_abbrev  0x000005ca      0x21f transmitter/transmitter.o
 .debug_abbrev  0x000007e9      0x1e8 uart/Uart.o

.debug_line     0x00000000      0xf24
 *(.debug_line .debug_line.* .debug_line_end)
 .debug_line    0x00000000      0x1b0 main.o
 .debug_line    0x000001b0      0x5cb receiver/receiver.o
 .debug_line    0x0000077b      0x1ab spi/spi.o
 .debug_line    0x00000926      0x2c2 transmitter/transmitter.o
 .debug_line    0x00000be8      0x33c uart/Uart.o

.debug_frame    0x00000000      0x2c4
 *(.debug_frame)
 .debug_frame   0x00000000       0x44 main.o
 .debug_frame   0x00000044       0xec receiver/receiver.o
 .debug_frame   0x00000130       0x44 spi/spi.o
 .debug_frame   0x00000174       0x54 transmitter/transmitter.o
 .debug_frame   0x000001c8       0xfc uart/Uart.o

.debug_str      0x00000000      0x74a
 *(.debug_str)
 .debug_str     0x00000000      0x2d2 main.o
                                0x315 (size before relaxing)
 .debug_str     0x000002d2      0x1e2 receiver/receiver.o
                                0x3c9 (size before relaxing)
 .debug_str     0x000004b4       0x76 spi/spi.o
                                0x1ed (size before relaxing)
 .debug_str     0x0000052a      0x17e transmitter/transmitter.o
                                0x363 (size before relaxing)
 .debug_str     0x000006a8       0xa2 uart/Uart.o
                                0x2cc (size before relaxing)

.debug_loc      0x00000000     0x39cd
 *(.debug_loc)
 .debug_loc     0x00000000      0x126 main.o
 .debug_loc     0x00000126     0x2d7f receiver/receiver.o
 .debug_loc     0x00002ea5       0x42 spi/spi.o
 .debug_loc     0x00002ee7      0x489 transmitter/transmitter.o
 .debug_loc     0x00003370      0x65d uart/Uart.o

.debug_macinfo
 *(.debug_macinfo)

.debug_weaknames
 *(.debug_weaknames)

.debug_funcnames
 *(.debug_funcnames)

.debug_typenames
 *(.debug_typenames)

.debug_varnames
 *(.debug_varnames)

.debug_pubtypes
 *(.debug_pubtypes)

.debug_ranges   0x00000000      0x440
 *(.debug_ranges)
 .debug_ranges  0x00000000       0x18 main.o
 .debug_ranges  0x00000018      0x310 receiver/receiver.o
 .debug_ranges  0x00000328       0x20 spi/spi.o
 .debug_ranges  0x00000348       0x58 transmitter/transmitter.o
 .debug_ranges  0x000003a0       0xa0 uart/Uart.o

.debug_macro
 *(.debug_macro)
OUTPUT(Firmware.elf elf32-avr)
LOAD linker stubs
